Starting AGP/Fasta Compare
Processing AGP...
Loaded 1 AGP sequence(s).
Processing object file(s)...
Loaded 1 object file sequence(s).
Reporting differences...
Success: No differences found
