12 component_ids and lengths loaded from FASTA.
2 component sequences have masked spans (32 spans).

5:chr1	1	150000	1	N	150000	telomere	no	
	WARNING: assuming AGP version 1.1 since linkage evidence (column 9) is empty

8:chr1	213444	353377	4	D	AC202463.29	1	139934	+
	ERROR: run(s) of Ns within the component span: 3149..3248, 7330..7429, 12474..12573, 20380..20479, 22525..22624, 27547..27646, 29718..29817, ...

13:chr1	528403	703460	9	D	AC202471.13	1	175058	+
	ERROR: run(s) of Ns within the component span: 4987..5086, 7511..7610, 16156..16255, 18728..18827, 20895..20994, 23105..23204, 25480..25579, ...

2 errors, 1 warning.
  Count Code  Description
      1  w58  assuming AGP version X
      2  g79  run(s) of Ns within the component span


Objects                :  1
- with single component:  0

Scaffolds              :  1
- with single component:  0

Components                   : 12 (F:7, D:5)
  orientation +              :  8
  orientation -              :  4
  orientation ? (formerly 0) :  0
  orientation na             :  0

Gaps                   :  4 (N)
- do not break scaffold:  3
  fragment, linkage yes:  3
- break it, linkage no :  1
	telomere       :  1

Object names:  1
  chr1      :  1

Component names             :  12
  AC[145156..229737].[6..61]:  12

#Comment line count    : 4
